
> build
> next build

Γû▓ Next.js 16.2.6 (Turbopack)
- Environments: .env.local, .env.production

  Creating an optimized production build ...
Γ£ô Compiled successfully in 12.9s
  Running TypeScript ...
  Finished TypeScript in 8.0s ...
  Collecting page data using 3 workers ...
  Generating static pages using 3 workers (0/70) ...
  Generating static pages using 3 workers (17/70) 
  Generating static pages using 3 workers (34/70) 
  Generating static pages using 3 workers (52/70) 
Γ£ô Generating static pages using 3 workers (70/70) in 1739ms
  Finalizing page optimization ...

Route (app)
Γöî Γùï /
Γö£ Γùï /_not-found
Γö£ Γùï /admin
Γö£ Γùï /admin/agents
Γö£ Γùï /admin/agents/new
Γö£ Γùï /admin/ai
Γö£ Γùï /admin/analytics
Γö£ Γùï /admin/autonomous
Γö£ Γùï /admin/cicd
Γö£ Γùï /admin/command
Γö£ Γùï /admin/crm
Γö£ Γùï /admin/crm/new
Γö£ Γùï /admin/dashboard
Γö£ Γùï /admin/deployment
Γö£ Γùï /admin/distributed
Γö£ Γùï /admin/environment
Γö£ Γùï /admin/exams
Γö£ Γùï /admin/exams/create
Γö£ Γùï /admin/gateway
Γö£ Γùï /admin/global
Γö£ Γùï /admin/infra
Γö£ Γùï /admin/integrity
Γö£ Γùï /admin/kubernetes
Γö£ Γùï /admin/live
Γö£ Γùï /admin/observability
Γö£ Γùï /admin/payments
Γö£ Γùï /admin/performance
Γö£ Γùï /admin/questions
Γö£ Γùï /admin/queue
Γö£ Γùï /admin/recovery
Γö£ Γùï /admin/revenue
Γö£ Γùï /admin/schools
Γö£ Γùï /admin/services
Γö£ Γùï /admin/warroom
Γö£ ╞Æ /api/admin/ai
Γö£ ╞Æ /api/admin/crm
Γö£ ╞Æ /api/admin/observability
Γö£ ╞Æ /api/admin/overview
Γö£ ╞Æ /api/admin/queue
Γö£ ╞Æ /api/agents
Γö£ ╞Æ /api/analytics
Γö£ ╞Æ /api/anti-cheat/log
Γö£ ╞Æ /api/auth
Γö£ ╞Æ /api/auth/login
Γö£ ╞Æ /api/auth/register
Γö£ ╞Æ /api/exam/submit
Γö£ ╞Æ /api/exams/[schoolId]
Γö£ ╞Æ /api/gateway
Γö£ ╞Æ /api/health
Γö£ ╞Æ /api/realtime
Γö£ ╞Æ /api/results
Γö£ ╞Æ /api/school
Γö£ ╞Æ /api/school/create
Γö£ ╞Æ /api/sync
Γö£ ╞Æ /api/webhook/paystack
Γö£ Γùï /dashboard
Γö£ Γùï /error
Γö£ Γùï /exam
Γö£ Γùï /exam-list
Γö£ Γùï /exam[id]/results
Γö£ ╞Æ /exam/[id]
Γö£ ╞Æ /exam/[id]/results
Γö£ Γùï /exam/create
Γö£ Γùï /forgot-password
Γö£ Γùï /landing
Γö£ Γùï /login
Γö£ Γùï /onboarding
Γö£ Γùï /pricing
Γö£ Γùï /signup
Γö£ Γùï /simulation
Γö£ Γùï /super-admin
Γöö Γùï /support


Γùï  (Static)   prerendered as static content
╞Æ  (Dynamic)  server-rendered on demand

